c:\omar\dumb stuff\project_voxelengine\voxelengine\voxelengine\x64\debug\vc143.pdb
c:\omar\dumb stuff\project_voxelengine\voxelengine\voxelengine\x64\debug\vc143.idb
c:\omar\dumb stuff\project_voxelengine\voxelengine\voxelengine\x64\debug\glad.obj
c:\omar\dumb stuff\project_voxelengine\voxelengine\voxelengine\x64\debug\shader.obj
c:\omar\dumb stuff\project_voxelengine\voxelengine\voxelengine\x64\debug\mouse.obj
c:\omar\dumb stuff\project_voxelengine\voxelengine\voxelengine\x64\debug\main.obj
c:\omar\dumb stuff\project_voxelengine\voxelengine\voxelengine\x64\debug\keyboard.obj
c:\omar\dumb stuff\project_voxelengine\voxelengine\voxelengine\x64\debug\joystick.obj
c:\omar\dumb stuff\project_voxelengine\voxelengine\voxelengine\x64\debug\camera.obj
c:\omar\dumb stuff\project_voxelengine\voxelengine\voxelengine\x64\debug\texture.obj
c:\omar\dumb stuff\project_voxelengine\voxelengine\voxelengine\x64\debug\screen.obj
c:\omar\dumb stuff\project_voxelengine\voxelengine\voxelengine\x64\debug\stb.obj
c:\omar\dumb stuff\project_voxelengine\voxelengine\voxelengine\x64\debug\voxel_renderer.obj
c:\omar\dumb stuff\project_voxelengine\voxelengine\x64\debug\voxelengine.exe
c:\omar\dumb stuff\project_voxelengine\voxelengine\x64\debug\voxelengine.pdb
c:\omar\dumb stuff\project_voxelengine\voxelengine\voxelengine\x64\debug\voxelengine.ilk
c:\omar\dumb stuff\project_voxelengine\voxelengine\voxelengine\x64\debug\chunk.obj
c:\omar\dumb stuff\project_voxelengine\voxelengine\voxelengine\x64\debug\renderer.obj
c:\omar\dumb stuff\project_voxelengine\voxelengine\voxelengine\x64\debug\voxel_geometry.obj
c:\omar\dumb stuff\project_voxelengine\voxelengine\voxelengine\x64\debug\voxel_mesher.obj
c:\omar\dumb stuff\project_voxelengine\voxelengine\voxelengine\x64\debug\world.obj
c:\omar\dumb stuff\project_voxelengine\voxelengine\voxelengine\x64\debug\main.obj.enc
c:\omar\dumb stuff\project_voxelengine\voxelengine\voxelengine\x64\debug\renderer.obj.enc
c:\omar\dumb stuff\project_voxelengine\voxelengine\voxelengine\x64\debug\voxel_mesher.obj.enc
c:\omar\dumb stuff\project_voxelengine\voxelengine\voxelengine\x64\debug\voxelengine.tlog\cl.command.1.tlog
c:\omar\dumb stuff\project_voxelengine\voxelengine\voxelengine\x64\debug\voxelengine.tlog\cl.items.tlog
c:\omar\dumb stuff\project_voxelengine\voxelengine\voxelengine\x64\debug\voxelengine.tlog\cl.read.1.tlog
c:\omar\dumb stuff\project_voxelengine\voxelengine\voxelengine\x64\debug\voxelengine.tlog\cl.write.1.tlog
c:\omar\dumb stuff\project_voxelengine\voxelengine\voxelengine\x64\debug\voxelengine.tlog\link.command.1.tlog
c:\omar\dumb stuff\project_voxelengine\voxelengine\voxelengine\x64\debug\voxelengine.tlog\link.read.1.tlog
c:\omar\dumb stuff\project_voxelengine\voxelengine\voxelengine\x64\debug\voxelengine.tlog\link.secondary.1.tlog
c:\omar\dumb stuff\project_voxelengine\voxelengine\voxelengine\x64\debug\voxelengine.tlog\link.write.1.tlog
